{
    "aspects":  [
                    {
                        "aspectKind":  "conjunction",
                        "aspectNumber":  1,
                        "aspect_number":  1,
                        "aspect_type":  "conjunction",
                        "color":  "#f4c978",
                        "description":  "Sun and Mercury are conjunct in Libra H12.",
                        "from":  "Sun",
                        "fromGraha":  "Sun",
                        "group":  "Libra cluster",
                        "id":  "conj_sun_mercury",
                        "importance":  "major",
                        "label":  "Sun–Mercury conjunction in H12",
                        "receiving_grahas":  [
                                                 "Mercury"
                                             ],
                        "source":  "Sun",
                        "source_house":  12,
                        "source_sign":  "Libra",
                        "strength":  1.0,
                        "targetSign":  "Libra",
                        "targetType":  "graha",
                        "target_house":  12,
                        "target_sign":  "Libra",
                        "to":  "Mercury",
                        "toGraha":  "Mercury"
                    },
                    {
                        "aspectKind":  "conjunction",
                        "aspectNumber":  1,
                        "aspect_number":  1,
                        "aspect_type":  "conjunction",
                        "color":  "#f4c978",
                        "description":  "Sun and Venus are conjunct in Libra H12.",
                        "from":  "Sun",
                        "fromGraha":  "Sun",
                        "group":  "Libra cluster",
                        "id":  "conj_sun_venus",
                        "importance":  "major",
                        "label":  "Sun–Venus conjunction in H12",
                        "receiving_grahas":  [
                                                 "Venus"
                                             ],
                        "source":  "Sun",
                        "source_house":  12,
                        "source_sign":  "Libra",
                        "strength":  1.0,
                        "targetSign":  "Libra",
                        "targetType":  "graha",
                        "target_house":  12,
                        "target_sign":  "Libra",
                        "to":  "Venus",
                        "toGraha":  "Venus"
                    },
                    {
                        "aspectKind":  "conjunction",
                        "aspectNumber":  1,
                        "aspect_number":  1,
                        "aspect_type":  "conjunction",
                        "color":  "#e6f2ff",
                        "description":  "Moon and Saturn are conjunct in Sagittarius H2.",
                        "from":  "Moon",
                        "fromGraha":  "Moon",
                        "group":  "Sagittarius cluster",
                        "id":  "conj_moon_saturn",
                        "importance":  "major",
                        "label":  "Moon–Saturn conjunction in H2",
                        "receiving_grahas":  [
                                                 "Saturn"
                                             ],
                        "source":  "Moon",
                        "source_house":  2,
                        "source_sign":  "Sagittarius",
                        "strength":  1.0,
                        "targetSign":  "Sagittarius",
                        "targetType":  "graha",
                        "target_house":  2,
                        "target_sign":  "Sagittarius",
                        "to":  "Saturn",
                        "toGraha":  "Saturn"
                    },
                    {
                        "aspectKind":  "conjunction",
                        "aspectNumber":  1,
                        "aspect_number":  1,
                        "aspect_type":  "conjunction",
                        "color":  "#2EC4B6",
                        "description":  "Mercury and Venus are conjunct in Libra H12.",
                        "from":  "Mercury",
                        "fromGraha":  "Mercury",
                        "group":  "Libra cluster",
                        "id":  "conj_mercury_venus",
                        "importance":  "major",
                        "label":  "Mercury–Venus conjunction in H12",
                        "receiving_grahas":  [
                                                 "Venus"
                                             ],
                        "source":  "Mercury",
                        "source_house":  12,
                        "source_sign":  "Libra",
                        "strength":  1.0,
                        "targetSign":  "Libra",
                        "targetType":  "graha",
                        "target_house":  12,
                        "target_sign":  "Libra",
                        "to":  "Venus",
                        "toGraha":  "Venus"
                    },
                    {
                        "aspectKind":  "conjunction",
                        "aspectNumber":  1,
                        "aspect_number":  1,
                        "aspect_type":  "conjunction",
                        "color":  "#ffe8b0",
                        "description":  "Jupiter and Ketu are conjunct in Cancer H9.",
                        "from":  "Jupiter",
                        "fromGraha":  "Jupiter",
                        "group":  "Cancer cluster",
                        "id":  "conj_jupiter_ketu",
                        "importance":  "major",
                        "label":  "Jupiter–Ketu conjunction in H9",
                        "receiving_grahas":  [
                                                 "Ketu"
                                             ],
                        "source":  "Jupiter",
                        "source_house":  9,
                        "source_sign":  "Cancer",
                        "strength":  1.0,
                        "targetSign":  "Cancer",
                        "targetType":  "graha",
                        "target_house":  9,
                        "target_sign":  "Cancer",
                        "to":  "Ketu",
                        "toGraha":  "Ketu"
                    },
                    {
                        "aspectKind":  "7th",
                        "aspectNumber":  7,
                        "aspect_number":  7,
                        "aspect_type":  "standard",
                        "color":  "#f4c978",
                        "description":  "Sun casts its 7th dṛṣṭi from Libra H12 into Aries H6.",
                        "from":  "Sun",
                        "fromGraha":  "Sun",
                        "group":  "Sun Standard Aspects",
                        "id":  "sun_7th_h6",
                        "importance":  "minor",
                        "label":  "Sun 7th dṛṣṭi → Aries H6",
                        "receiving_grahas":  [

                                             ],
                        "source":  "Sun",
                        "source_house":  12,
                        "source_sign":  "Libra",
                        "strength":  1.0,
                        "targetSign":  "Aries",
                        "targetType":  "house",
                        "target_house":  6,
                        "target_sign":  "Aries",
                        "to":  "H6",
                        "toGraha":  null
                    },
                    {
                        "aspectKind":  "7th",
                        "aspectNumber":  7,
                        "aspect_number":  7,
                        "aspect_type":  "standard",
                        "color":  "#e6f2ff",
                        "description":  "Moon casts its 7th dṛṣṭi from Sagittarius H2 into Gemini H8.",
                        "from":  "Moon",
                        "fromGraha":  "Moon",
                        "group":  "Moon Standard Aspects",
                        "id":  "moon_7th_h8",
                        "importance":  "minor",
                        "label":  "Moon 7th dṛṣṭi → Gemini H8",
                        "receiving_grahas":  [

                                             ],
                        "source":  "Moon",
                        "source_house":  2,
                        "source_sign":  "Sagittarius",
                        "strength":  1.0,
                        "targetSign":  "Gemini",
                        "targetType":  "house",
                        "target_house":  8,
                        "target_sign":  "Gemini",
                        "to":  "H8",
                        "toGraha":  null
                    },
                    {
                        "aspectKind":  "4th",
                        "aspectNumber":  4,
                        "aspect_number":  4,
                        "aspect_type":  "special",
                        "color":  "#ff5d67",
                        "description":  "Mars casts its 4th dṛṣṭi from Taurus H7 into Leo H10.",
                        "from":  "Mars",
                        "fromGraha":  "Mars",
                        "group":  "Mars Special Aspects",
                        "id":  "mars_4th_h10",
                        "importance":  "minor",
                        "label":  "Mars 4th dṛṣṭi → Leo H10",
                        "receiving_grahas":  [

                                             ],
                        "source":  "Mars",
                        "source_house":  7,
                        "source_sign":  "Taurus",
                        "strength":  1.0,
                        "targetSign":  "Leo",
                        "targetType":  "house",
                        "target_house":  10,
                        "target_sign":  "Leo",
                        "to":  "H10",
                        "toGraha":  null
                    },
                    {
                        "aspectKind":  "7th",
                        "aspectNumber":  7,
                        "aspect_number":  7,
                        "aspect_type":  "standard",
                        "color":  "#ff5d67",
                        "description":  "Mars casts its 7th dṛṣṭi from Taurus H7 into Scorpio H1.",
                        "from":  "Mars",
                        "fromGraha":  "Mars",
                        "group":  "Mars Standard Aspects",
                        "id":  "mars_7th_h1",
                        "importance":  "minor",
                        "label":  "Mars 7th dṛṣṭi → Scorpio H1",
                        "receiving_grahas":  [

                                             ],
                        "source":  "Mars",
                        "source_house":  7,
                        "source_sign":  "Taurus",
                        "strength":  1.0,
                        "targetSign":  "Scorpio",
                        "targetType":  "house",
                        "target_house":  1,
                        "target_sign":  "Scorpio",
                        "to":  "H1",
                        "toGraha":  null
                    },
                    {
                        "aspectKind":  "8th",
                        "aspectNumber":  8,
                        "aspect_number":  8,
                        "aspect_type":  "special",
                        "color":  "#ff5d67",
                        "description":  "Mars casts its 8th dṛṣṭi from Taurus H7 into Sagittarius H2, received by Moon, Saturn.",
                        "from":  "Mars",
                        "fromGraha":  "Mars",
                        "group":  "Mars Special Aspects",
                        "id":  "mars_8th_h2",
                        "importance":  "major",
                        "label":  "Mars 8th dṛṣṭi → Sagittarius H2",
                        "receiving_grahas":  [
                                                 "Moon",
                                                 "Saturn"
                                             ],
                        "source":  "Mars",
                        "source_house":  7,
                        "source_sign":  "Taurus",
                        "strength":  1.0,
                        "targetSign":  "Sagittarius",
                        "targetType":  "graha",
                        "target_house":  2,
                        "target_sign":  "Sagittarius",
                        "to":  "H2",
                        "toGraha":  null
                    },
                    {
                        "aspectKind":  "7th",
                        "aspectNumber":  7,
                        "aspect_number":  7,
                        "aspect_type":  "standard",
                        "color":  "#2EC4B6",
                        "description":  "Mercury casts its 7th dṛṣṭi from Libra H12 into Aries H6.",
                        "from":  "Mercury",
                        "fromGraha":  "Mercury",
                        "group":  "Mercury Standard Aspects",
                        "id":  "mercury_7th_h6",
                        "importance":  "minor",
                        "label":  "Mercury 7th dṛṣṭi → Aries H6",
                        "receiving_grahas":  [

                                             ],
                        "source":  "Mercury",
                        "source_house":  12,
                        "source_sign":  "Libra",
                        "strength":  1.0,
                        "targetSign":  "Aries",
                        "targetType":  "house",
                        "target_house":  6,
                        "target_sign":  "Aries",
                        "to":  "H6",
                        "toGraha":  null
                    },
                    {
                        "aspectKind":  "5th",
                        "aspectNumber":  5,
                        "aspect_number":  5,
                        "aspect_type":  "special",
                        "color":  "#ffe8b0",
                        "description":  "Jupiter casts its 5th dṛṣṭi from Cancer H9 into Scorpio H1.",
                        "from":  "Jupiter",
                        "fromGraha":  "Jupiter",
                        "group":  "Jupiter Special Aspects",
                        "id":  "jupiter_5th_h1",
                        "importance":  "minor",
                        "label":  "Jupiter 5th dṛṣṭi → Scorpio H1",
                        "receiving_grahas":  [

                                             ],
                        "source":  "Jupiter",
                        "source_house":  9,
                        "source_sign":  "Cancer",
                        "strength":  1.0,
                        "targetSign":  "Scorpio",
                        "targetType":  "house",
                        "target_house":  1,
                        "target_sign":  "Scorpio",
                        "to":  "H1",
                        "toGraha":  null
                    },
                    {
                        "aspectKind":  "7th",
                        "aspectNumber":  7,
                        "aspect_number":  7,
                        "aspect_type":  "standard",
                        "color":  "#ffe8b0",
                        "description":  "Jupiter casts its 7th dṛṣṭi from Cancer H9 into Capricorn H3, received by Rahu.",
                        "from":  "Jupiter",
                        "fromGraha":  "Jupiter",
                        "group":  "Jupiter Standard Aspects",
                        "id":  "jupiter_7th_h3",
                        "importance":  "major",
                        "label":  "Jupiter 7th dṛṣṭi → Capricorn H3",
                        "receiving_grahas":  [
                                                 "Rahu"
                                             ],
                        "source":  "Jupiter",
                        "source_house":  9,
                        "source_sign":  "Cancer",
                        "strength":  1.0,
                        "targetSign":  "Capricorn",
                        "targetType":  "graha",
                        "target_house":  3,
                        "target_sign":  "Capricorn",
                        "to":  "Rahu",
                        "toGraha":  "Rahu"
                    },
                    {
                        "aspectKind":  "9th",
                        "aspectNumber":  9,
                        "aspect_number":  9,
                        "aspect_type":  "special",
                        "color":  "#ffe8b0",
                        "description":  "Jupiter casts its 9th dṛṣṭi from Cancer H9 into Pisces H5.",
                        "from":  "Jupiter",
                        "fromGraha":  "Jupiter",
                        "group":  "Jupiter Special Aspects",
                        "id":  "jupiter_9th_h5",
                        "importance":  "minor",
                        "label":  "Jupiter 9th dṛṣṭi → Pisces H5",
                        "receiving_grahas":  [

                                             ],
                        "source":  "Jupiter",
                        "source_house":  9,
                        "source_sign":  "Cancer",
                        "strength":  1.0,
                        "targetSign":  "Pisces",
                        "targetType":  "house",
                        "target_house":  5,
                        "target_sign":  "Pisces",
                        "to":  "H5",
                        "toGraha":  null
                    },
                    {
                        "aspectKind":  "7th",
                        "aspectNumber":  7,
                        "aspect_number":  7,
                        "aspect_type":  "standard",
                        "color":  "#f472b6",
                        "description":  "Venus casts its 7th dṛṣṭi from Libra H12 into Aries H6.",
                        "from":  "Venus",
                        "fromGraha":  "Venus",
                        "group":  "Venus Standard Aspects",
                        "id":  "venus_7th_h6",
                        "importance":  "minor",
                        "label":  "Venus 7th dṛṣṭi → Aries H6",
                        "receiving_grahas":  [

                                             ],
                        "source":  "Venus",
                        "source_house":  12,
                        "source_sign":  "Libra",
                        "strength":  1.0,
                        "targetSign":  "Aries",
                        "targetType":  "house",
                        "target_house":  6,
                        "target_sign":  "Aries",
                        "to":  "H6",
                        "toGraha":  null
                    },
                    {
                        "aspectKind":  "3th",
                        "aspectNumber":  3,
                        "aspect_number":  3,
                        "aspect_type":  "special",
                        "color":  "#818cf8",
                        "description":  "Saturn casts its 3rd dṛṣṭi from Sagittarius H2 into Aquarius H4.",
                        "from":  "Saturn",
                        "fromGraha":  "Saturn",
                        "group":  "Saturn Special Aspects",
                        "id":  "saturn_3th_h4",
                        "importance":  "minor",
                        "label":  "Saturn 3rd dṛṣṭi → Aquarius H4",
                        "receiving_grahas":  [

                                             ],
                        "source":  "Saturn",
                        "source_house":  2,
                        "source_sign":  "Sagittarius",
                        "strength":  1.0,
                        "targetSign":  "Aquarius",
                        "targetType":  "house",
                        "target_house":  4,
                        "target_sign":  "Aquarius",
                        "to":  "H4",
                        "toGraha":  null
                    },
                    {
                        "aspectKind":  "7th",
                        "aspectNumber":  7,
                        "aspect_number":  7,
                        "aspect_type":  "standard",
                        "color":  "#818cf8",
                        "description":  "Saturn casts its 7th dṛṣṭi from Sagittarius H2 into Gemini H8.",
                        "from":  "Saturn",
                        "fromGraha":  "Saturn",
                        "group":  "Saturn Standard Aspects",
                        "id":  "saturn_7th_h8",
                        "importance":  "minor",
                        "label":  "Saturn 7th dṛṣṭi → Gemini H8",
                        "receiving_grahas":  [

                                             ],
                        "source":  "Saturn",
                        "source_house":  2,
                        "source_sign":  "Sagittarius",
                        "strength":  1.0,
                        "targetSign":  "Gemini",
                        "targetType":  "house",
                        "target_house":  8,
                        "target_sign":  "Gemini",
                        "to":  "H8",
                        "toGraha":  null
                    },
                    {
                        "aspectKind":  "10th",
                        "aspectNumber":  10,
                        "aspect_number":  10,
                        "aspect_type":  "special",
                        "color":  "#818cf8",
                        "description":  "Saturn casts its 10th dṛṣṭi from Sagittarius H2 into Virgo H11.",
                        "from":  "Saturn",
                        "fromGraha":  "Saturn",
                        "group":  "Saturn Special Aspects",
                        "id":  "saturn_10th_h11",
                        "importance":  "minor",
                        "label":  "Saturn 10th dṛṣṭi → Virgo H11",
                        "receiving_grahas":  [

                                             ],
                        "source":  "Saturn",
                        "source_house":  2,
                        "source_sign":  "Sagittarius",
                        "strength":  1.0,
                        "targetSign":  "Virgo",
                        "targetType":  "house",
                        "target_house":  11,
                        "target_sign":  "Virgo",
                        "to":  "H11",
                        "toGraha":  null
                    },
                    {
                        "aspectKind":  "5th",
                        "aspectNumber":  5,
                        "aspect_number":  5,
                        "aspect_type":  "special",
                        "color":  "#c084fc",
                        "description":  "Rahu casts its 5th dṛṣṭi from Capricorn H3 into Taurus H7, received by Mars.",
                        "from":  "Rahu",
                        "fromGraha":  "Rahu",
                        "group":  "Rahu Special Aspects",
                        "id":  "rahu_5th_h7",
                        "importance":  "major",
                        "label":  "Rahu 5th dṛṣṭi → Taurus H7",
                        "receiving_grahas":  [
                                                 "Mars"
                                             ],
                        "source":  "Rahu",
                        "source_house":  3,
                        "source_sign":  "Capricorn",
                        "strength":  1.0,
                        "targetSign":  "Taurus",
                        "targetType":  "graha",
                        "target_house":  7,
                        "target_sign":  "Taurus",
                        "to":  "Mars",
                        "toGraha":  "Mars"
                    },
                    {
                        "aspectKind":  "7th",
                        "aspectNumber":  7,
                        "aspect_number":  7,
                        "aspect_type":  "standard",
                        "color":  "#c084fc",
                        "description":  "Rahu casts its 7th dṛṣṭi from Capricorn H3 into Cancer H9, received by Jupiter, Ketu.",
                        "from":  "Rahu",
                        "fromGraha":  "Rahu",
                        "group":  "Rahu Standard Aspects",
                        "id":  "rahu_7th_h9",
                        "importance":  "major",
                        "label":  "Rahu 7th dṛṣṭi → Cancer H9",
                        "receiving_grahas":  [
                                                 "Jupiter",
                                                 "Ketu"
                                             ],
                        "source":  "Rahu",
                        "source_house":  3,
                        "source_sign":  "Capricorn",
                        "strength":  1.0,
                        "targetSign":  "Cancer",
                        "targetType":  "graha",
                        "target_house":  9,
                        "target_sign":  "Cancer",
                        "to":  "H9",
                        "toGraha":  null
                    },
                    {
                        "aspectKind":  "9th",
                        "aspectNumber":  9,
                        "aspect_number":  9,
                        "aspect_type":  "special",
                        "color":  "#c084fc",
                        "description":  "Rahu casts its 9th dṛṣṭi from Capricorn H3 into Virgo H11.",
                        "from":  "Rahu",
                        "fromGraha":  "Rahu",
                        "group":  "Rahu Special Aspects",
                        "id":  "rahu_9th_h11",
                        "importance":  "minor",
                        "label":  "Rahu 9th dṛṣṭi → Virgo H11",
                        "receiving_grahas":  [

                                             ],
                        "source":  "Rahu",
                        "source_house":  3,
                        "source_sign":  "Capricorn",
                        "strength":  1.0,
                        "targetSign":  "Virgo",
                        "targetType":  "house",
                        "target_house":  11,
                        "target_sign":  "Virgo",
                        "to":  "H11",
                        "toGraha":  null
                    },
                    {
                        "aspectKind":  "5th",
                        "aspectNumber":  5,
                        "aspect_number":  5,
                        "aspect_type":  "special",
                        "color":  "#fda4af",
                        "description":  "Ketu casts its 5th dṛṣṭi from Cancer H9 into Scorpio H1.",
                        "from":  "Ketu",
                        "fromGraha":  "Ketu",
                        "group":  "Ketu Special Aspects",
                        "id":  "ketu_5th_h1",
                        "importance":  "minor",
                        "label":  "Ketu 5th dṛṣṭi → Scorpio H1",
                        "receiving_grahas":  [

                                             ],
                        "source":  "Ketu",
                        "source_house":  9,
                        "source_sign":  "Cancer",
                        "strength":  1.0,
                        "targetSign":  "Scorpio",
                        "targetType":  "house",
                        "target_house":  1,
                        "target_sign":  "Scorpio",
                        "to":  "H1",
                        "toGraha":  null
                    },
                    {
                        "aspectKind":  "7th",
                        "aspectNumber":  7,
                        "aspect_number":  7,
                        "aspect_type":  "standard",
                        "color":  "#fda4af",
                        "description":  "Ketu casts its 7th dṛṣṭi from Cancer H9 into Capricorn H3, received by Rahu.",
                        "from":  "Ketu",
                        "fromGraha":  "Ketu",
                        "group":  "Ketu Standard Aspects",
                        "id":  "ketu_7th_h3",
                        "importance":  "major",
                        "label":  "Ketu 7th dṛṣṭi → Capricorn H3",
                        "receiving_grahas":  [
                                                 "Rahu"
                                             ],
                        "source":  "Ketu",
                        "source_house":  9,
                        "source_sign":  "Cancer",
                        "strength":  1.0,
                        "targetSign":  "Capricorn",
                        "targetType":  "graha",
                        "target_house":  3,
                        "target_sign":  "Capricorn",
                        "to":  "Rahu",
                        "toGraha":  "Rahu"
                    },
                    {
                        "aspectKind":  "9th",
                        "aspectNumber":  9,
                        "aspect_number":  9,
                        "aspect_type":  "special",
                        "color":  "#fda4af",
                        "description":  "Ketu casts its 9th dṛṣṭi from Cancer H9 into Pisces H5.",
                        "from":  "Ketu",
                        "fromGraha":  "Ketu",
                        "group":  "Ketu Special Aspects",
                        "id":  "ketu_9th_h5",
                        "importance":  "minor",
                        "label":  "Ketu 9th dṛṣṭi → Pisces H5",
                        "receiving_grahas":  [

                                             ],
                        "source":  "Ketu",
                        "source_house":  9,
                        "source_sign":  "Cancer",
                        "strength":  1.0,
                        "targetSign":  "Pisces",
                        "targetType":  "house",
                        "target_house":  5,
                        "target_sign":  "Pisces",
                        "to":  "H5",
                        "toGraha":  null
                    }
                ],
    "dasha":  {
                  "antardashas":  [
                                      {
                                          "days":  986.2,
                                          "end":  "2028-05-16",
                                          "lord":  "Rahu",
                                          "start":  "2025-09-03"
                                      },
                                      {
                                          "days":  876.6,
                                          "end":  "2030-10-09",
                                          "lord":  "Jupiter",
                                          "start":  "2028-05-16"
                                      },
                                      {
                                          "days":  1041.0,
                                          "end":  "2033-08-14",
                                          "lord":  "Saturn",
                                          "start":  "2030-10-09"
                                      },
                                      {
                                          "days":  931.4,
                                          "end":  "2036-03-02",
                                          "lord":  "Mercury",
                                          "start":  "2033-08-14"
                                      },
                                      {
                                          "days":  383.5,
                                          "end":  "2037-03-20",
                                          "lord":  "Ketu",
                                          "start":  "2036-03-02"
                                      },
                                      {
                                          "days":  1095.8,
                                          "end":  "2040-03-19",
                                          "lord":  "Venus",
                                          "start":  "2037-03-20"
                                      },
                                      {
                                          "days":  328.7,
                                          "end":  "2041-02-10",
                                          "lord":  "Sun",
                                          "start":  "2040-03-19"
                                      },
                                      {
                                          "days":  547.9,
                                          "end":  "2042-08-11",
                                          "lord":  "Moon",
                                          "start":  "2041-02-10"
                                      },
                                      {
                                          "days":  383.5,
                                          "end":  "2043-08-29",
                                          "lord":  "Mars",
                                          "start":  "2042-08-11"
                                      }
                                  ],
                  "birth_nakshatra":  "Pūrva Āṣāḍhā",
                  "birth_nakshatra_lord":  "Venus",
                  "current":  {
                                  "antardasha":  "Rahu",
                                  "antardasha_end":  "2028-05-16",
                                  "antardasha_start":  "2025-09-03",
                                  "mahadasha":  "Rahu",
                                  "mahadasha_end":  "2043-09-03",
                                  "mahadasha_start":  "2025-09-03"
                              },
                  "elapsed_fraction":  0.4067,
                  "mahadasha_at_birth":  {
                                             "balance_years":  11.8651,
                                             "lord":  "Venus"
                                         },
                  "moon_longitude":  258.7566,
                  "nakshatra_index":  19,
                  "timeline":  [
                                   {
                                       "end":  "2002-09-05",
                                       "level":  "mahadasha",
                                       "lord":  "Venus",
                                       "partial":  true,
                                       "start":  "1990-10-25",
                                       "years":  11.8651
                                   },
                                   {
                                       "end":  "2008-09-04",
                                       "level":  "mahadasha",
                                       "lord":  "Sun",
                                       "partial":  false,
                                       "start":  "2002-09-05",
                                       "years":  6
                                   },
                                   {
                                       "end":  "2018-09-04",
                                       "level":  "mahadasha",
                                       "lord":  "Moon",
                                       "partial":  false,
                                       "start":  "2008-09-04",
                                       "years":  10
                                   },
                                   {
                                       "end":  "2025-09-03",
                                       "level":  "mahadasha",
                                       "lord":  "Mars",
                                       "partial":  false,
                                       "start":  "2018-09-04",
                                       "years":  7
                                   },
                                   {
                                       "end":  "2043-09-03",
                                       "level":  "mahadasha",
                                       "lord":  "Rahu",
                                       "partial":  false,
                                       "start":  "2025-09-03",
                                       "years":  18
                                   },
                                   {
                                       "end":  "2059-09-03",
                                       "level":  "mahadasha",
                                       "lord":  "Jupiter",
                                       "partial":  false,
                                       "start":  "2043-09-03",
                                       "years":  16
                                   },
                                   {
                                       "end":  "2078-09-02",
                                       "level":  "mahadasha",
                                       "lord":  "Saturn",
                                       "partial":  false,
                                       "start":  "2059-09-03",
                                       "years":  19
                                   },
                                   {
                                       "end":  "2095-09-02",
                                       "level":  "mahadasha",
                                       "lord":  "Mercury",
                                       "partial":  false,
                                       "start":  "2078-09-02",
                                       "years":  17
                                   },
                                   {
                                       "end":  "2102-09-02",
                                       "level":  "mahadasha",
                                       "lord":  "Ketu",
                                       "partial":  false,
                                       "start":  "2095-09-02",
                                       "years":  7
                                   },
                                   {
                                       "end":  "2122-09-02",
                                       "level":  "mahadasha",
                                       "lord":  "Venus",
                                       "partial":  false,
                                       "start":  "2102-09-02",
                                       "years":  20
                                   },
                                   {
                                       "end":  "2128-09-01",
                                       "level":  "mahadasha",
                                       "lord":  "Sun",
                                       "partial":  false,
                                       "start":  "2122-09-02",
                                       "years":  6
                                   },
                                   {
                                       "end":  "2138-09-01",
                                       "level":  "mahadasha",
                                       "lord":  "Moon",
                                       "partial":  false,
                                       "start":  "2128-09-01",
                                       "years":  10
                                   }
                               ]
              },
    "message":  "Chart calculated successfully using sidereal coordinates.",
    "metadata":  {
                     "ayanamsha":  "LAHIRI",
                     "dob":  "1990-10-25",
                     "julian_day_ut":  2448189.638888889,
                     "lat":  27.7172,
                     "local":  "1990-10-25T09:05:00+05:45",
                     "lon":  85.324,
                     "place_resolved":  "Kathmandu, Nepal",
                     "pob":  "Kathmandu, Nepal",
                     "tob":  "09:05",
                     "tz":  "Asia/Kathmandu",
                     "utc":  "1990-10-25T03:20:00+00:00"
                 },
    "placements":  [
                       {
                           "color":  "#00FFCC",
                           "degree_label":  "14°32′",
                           "glow":  "rgba(0, 255, 204, 0.6)",
                           "glyph":  "▲",
                           "house":  1,
                           "interpretation":  "Scorpio Lagna places life\u0027s center of gravity in scorpio themes: operates through depth, transformation, and hidden power. The self is observed through the 1st-house lens (self, body, identity, and first impressions) through loyal devotion, perseverance, and friendship.",
                           "longitude":  224.5471,
                           "nakshatra":  "Anurādhā",
                           "nakshatra_index":  16,
                           "nakshatra_lord":  "Saturn",
                           "name":  "Lagna",
                           "offset_in_nakshatra":  11.213751034461808,
                           "pada":  4,
                           "rashi":  "Vṛścika",
                           "retrograde":  false,
                           "role":  "Ascendant / self-axis",
                           "sign":  "Scorpio",
                           "sign_degree":  14.5471,
                           "speed":  0.0
                       },
                       {
                           "color":  "#FF9933",
                           "degree_label":  "7°43′",
                           "glow":  "rgba(255, 153, 51, 0.6)",
                           "glyph":  "☉",
                           "house":  12,
                           "interpretation":  "Sun (Soul, vitality, authority, father) seeks balance, beauty, and diplomatic relatedness in the 12th house (liberation, solitude, foreign lands, losses, and spiritual retreat), in independence, movement, and dispersed flexibility.",
                           "longitude":  187.7314,
                           "nakshatra":  "Svātī",
                           "nakshatra_index":  14,
                           "nakshatra_lord":  "Rahu",
                           "name":  "Sun",
                           "offset_in_nakshatra":  1.0647058057388676,
                           "pada":  1,
                           "rashi":  "Tulā",
                           "retrograde":  false,
                           "role":  "Soul / vitality",
                           "sign":  "Libra",
                           "sign_degree":  7.7314,
                           "speed":  0.996914
                       },
                       {
                           "color":  "#E6F2FF",
                           "degree_label":  "18°45′",
                           "glow":  "rgba(230, 242, 255, 0.6)",
                           "glyph":  "☾",
                           "house":  2,
                           "interpretation":  "Moon (Mind, emotions, mother, nourishment) expands toward wisdom, philosophy, and far horizons in the 2nd house (wealth, family, speech, and accumulated resources), with bold declarations and invincible purifying energy.",
                           "longitude":  258.7566,
                           "nakshatra":  "Pūrva Āṣāḍhā",
                           "nakshatra_index":  19,
                           "nakshatra_lord":  "Venus",
                           "name":  "Moon",
                           "offset_in_nakshatra":  5.423235711941544,
                           "pada":  2,
                           "rashi":  "Dhanu",
                           "retrograde":  false,
                           "role":  "Mind / emotional field",
                           "sign":  "Sagittarius",
                           "sign_degree":  18.7566,
                           "speed":  11.99394
                       },
                       {
                           "color":  "#FF4D4D",
                           "degree_label":  "20°41′",
                           "glow":  "rgba(255, 77, 77, 0.6)",
                           "glyph":  "♂",
                           "house":  7,
                           "interpretation":  "Mars (Drive, courage, energy, conflicts) seeks stability, beauty, and sensory refinement in the 7th house (partnerships, marriage, public relations, and open conflicts), in fertile, sensuous, and creative abundance (retrograde — internalised, reflective quality).",
                           "longitude":  50.6938,
                           "nakshatra":  "Rohiṇī",
                           "nakshatra_index":  3,
                           "nakshatra_lord":  "Moon",
                           "name":  "Mars",
                           "offset_in_nakshatra":  10.693846935858332,
                           "pada":  4,
                           "rashi":  "Vṛṣabha",
                           "retrograde":  true,
                           "role":  "Drive / courage / conflicts",
                           "sign":  "Taurus",
                           "sign_degree":  20.6938,
                           "speed":  -0.070814
                       },
                       {
                           "color":  "#2EC4B6",
                           "degree_label":  "9°41′",
                           "glow":  "rgba(46, 196, 182, 0.6)",
                           "glyph":  "☿",
                           "house":  12,
                           "interpretation":  "Mercury (Intellect, speech, analysis, trade) seeks balance, beauty, and diplomatic relatedness in the 12th house (liberation, solitude, foreign lands, losses, and spiritual retreat), in independence, movement, and dispersed flexibility.",
                           "longitude":  189.6989,
                           "nakshatra":  "Svātī",
                           "nakshatra_index":  14,
                           "nakshatra_lord":  "Rahu",
                           "name":  "Mercury",
                           "offset_in_nakshatra":  3.0322729989399306,
                           "pada":  1,
                           "rashi":  "Tulā",
                           "retrograde":  false,
                           "role":  "Intellect / communication",
                           "sign":  "Libra",
                           "sign_degree":  9.6989,
                           "speed":  1.639252
                       },
                       {
                           "color":  "#FFD700",
                           "degree_label":  "17°47′",
                           "glow":  "rgba(255, 215, 0, 0.6)",
                           "glyph":  "♃",
                           "house":  9,
                           "interpretation":  "Jupiter (Wisdom, dharma, expansion, teachers) turns deeply emotional, nurturing, and receptive in the 9th house (dharma, higher knowledge, teachers, father, and fortune), through clinging, penetrating, and serpentine wisdom.",
                           "longitude":  107.7917,
                           "nakshatra":  "Āśleṣā",
                           "nakshatra_index":  8,
                           "nakshatra_lord":  "Mercury",
                           "name":  "Jupiter",
                           "offset_in_nakshatra":  1.1250621870603936,
                           "pada":  1,
                           "rashi":  "Karka",
                           "retrograde":  false,
                           "role":  "Wisdom / dharma / expansion",
                           "sign":  "Cancer",
                           "sign_degree":  17.7917,
                           "speed":  0.106028
                       },
                       {
                           "color":  "#E040FB",
                           "degree_label":  "5°49′",
                           "glow":  "rgba(224, 64, 251, 0.6)",
                           "glyph":  "♀",
                           "house":  12,
                           "interpretation":  "Venus (Beauty, relationships, art, desires) seeks balance, beauty, and diplomatic relatedness in the 12th house (liberation, solitude, foreign lands, losses, and spiritual retreat), with brilliance, artistry, and architectural vision.",
                           "longitude":  185.8266,
                           "nakshatra":  "Citrā",
                           "nakshatra_index":  13,
                           "nakshatra_lord":  "Mars",
                           "name":  "Venus",
                           "offset_in_nakshatra":  12.49329048359084,
                           "pada":  4,
                           "rashi":  "Tulā",
                           "retrograde":  false,
                           "role":  "Beauty / refinement / relationships",
                           "sign":  "Libra",
                           "sign_degree":  5.8266,
                           "speed":  1.253208
                       },
                       {
                           "color":  "#7986CB",
                           "degree_label":  "25°52′",
                           "glow":  "rgba(121, 134, 203, 0.6)",
                           "glyph":  "♄",
                           "house":  2,
                           "interpretation":  "Saturn (Discipline, karma, structure, delay) expands toward wisdom, philosophy, and far horizons in the 2nd house (wealth, family, speech, and accumulated resources), with bold declarations and invincible purifying energy.",
                           "longitude":  265.8775,
                           "nakshatra":  "Pūrva Āṣāḍhā",
                           "nakshatra_index":  19,
                           "nakshatra_lord":  "Venus",
                           "name":  "Saturn",
                           "offset_in_nakshatra":  12.54415206708498,
                           "pada":  4,
                           "rashi":  "Dhanu",
                           "retrograde":  false,
                           "role":  "Discipline / karma / structure",
                           "sign":  "Sagittarius",
                           "sign_degree":  25.8775,
                           "speed":  0.051786
                       },
                       {
                           "color":  "#9C27B0",
                           "degree_label":  "8°59′",
                           "glow":  "rgba(156, 39, 176, 0.6)",
                           "glyph":  "☊",
                           "house":  3,
                           "interpretation":  "Rahu (Worldly desire, innovation, illusion) works through structure, duty, and long-term discipline in the 3rd house (courage, communication, siblings, and short journeys), through ultimate victory achieved with patience and ethics (retrograde — internalised, reflective quality).",
                           "longitude":  278.9988,
                           "nakshatra":  "Uttara Āṣāḍhā",
                           "nakshatra_index":  20,
                           "nakshatra_lord":  "Sun",
                           "name":  "Rahu",
                           "offset_in_nakshatra":  12.33217357143144,
                           "pada":  4,
                           "rashi":  "Makara",
                           "retrograde":  true,
                           "role":  "North Node / worldly desire",
                           "sign":  "Capricorn",
                           "sign_degree":  8.9988,
                           "speed":  -0.053
                       },
                       {
                           "color":  "#FF2A85",
                           "degree_label":  "8°59′",
                           "glow":  "rgba(255, 42, 133, 0.6)",
                           "glyph":  "☋",
                           "house":  9,
                           "interpretation":  "Ketu (Spiritual release, detachment, past mastery) turns deeply emotional, nurturing, and receptive in the 9th house (dharma, higher knowledge, teachers, father, and fortune), with protective nourishment and disciplined devotion (retrograde — internalised, reflective quality).",
                           "longitude":  98.9988,
                           "nakshatra":  "Puṣya",
                           "nakshatra_index":  7,
                           "nakshatra_lord":  "Saturn",
                           "name":  "Ketu",
                           "offset_in_nakshatra":  5.665506904764783,
                           "pada":  2,
                           "rashi":  "Karka",
                           "retrograde":  true,
                           "role":  "South Node / spiritual release",
                           "sign":  "Cancer",
                           "sign_degree":  8.9988,
                           "speed":  -0.053
                       }
                   ],
    "status":  "success"
}
